{"synthetic": false,
 "schemaVersion": "2025-09-10",
 "outputs": null,
 "log":
 [{"message":
   ".> ELAN=elan ELAN_HOME=/home/runner/.elan ELAN_TOOLCHAIN=leanprover/lean4:v4.35.0-rc4 LAKE=/home/runner/.elan/toolchains/leanprover--lean4---v4.35.0-rc4/bin/lake LAKE_HOME=/home/runner/.elan/toolchains/leanprover--lean4---v4.35.0-rc4 LAKE_CONFIG=/home/runner/.lake/config.toml LAKE_PKG_URL_MAP={} LAKE_NO_CACHE=false LAKE_CACHE_KEY= LAKE_CACHE_ARTIFACT_ENDPOINT= LAKE_CACHE_REVISION_ENDPOINT= LAKE_CACHE_SERVICE= LEAN=/home/runner/.elan/toolchains/leanprover--lean4---v4.35.0-rc4/bin/lean LEAN_SYSROOT=/home/runner/.elan/toolchains/leanprover--lean4---v4.35.0-rc4 LEAN_AR=/home/runner/.elan/toolchains/leanprover--lean4---v4.35.0-rc4/bin/llvm-ar LEAN_CC= LAKE_CACHE_DIR=/home/runner/.cache/lake LAKE_ARTIFACT_CACHE= LAKE_RESTORE_ARTIFACTS= LEAN_PATH=/home/runner/work/lean4-parseit/lean4-parseit/.lake/packages/MD4Lean/.lake/build/lib/lean:/home/runner/work/lean4-parseit/lean4-parseit/.lake/packages/BibtexQuery/.lake/build/lib/lean:/home/runner/work/lean4-parseit/lean4-parseit/.lake/packages/Cli/.lake/build/lib/lean:/home/runner/work/lean4-parseit/lean4-parseit/.lake/packages/leansqlite/.lake/build/lib/lean:/home/runner/work/lean4-parseit/lean4-parseit/.lake/packages/UnicodeBasic/.lake/build/lib/lean:/home/runner/work/lean4-parseit/lean4-parseit/.lake/packages/doc-gen4/.lake/build/lib/lean:/home/runner/work/lean4-parseit/lean4-parseit/.lake/build/lib/lean:/home/runner/work/lean4-parseit/lean4-parseit/docs/lib/lean:/home/runner/.elan/toolchains/leanprover--lean4---v4.35.0-rc4/lib/lean LEAN_SRC_PATH=/home/runner/work/lean4-parseit/lean4-parseit/.lake/packages/MD4Lean:/home/runner/work/lean4-parseit/lean4-parseit/.lake/packages/MD4Lean:/home/runner/work/lean4-parseit/lean4-parseit/.lake/packages/BibtexQuery:/home/runner/work/lean4-parseit/lean4-parseit/.lake/packages/Cli:/home/runner/work/lean4-parseit/lean4-parseit/.lake/packages/Cli:/home/runner/work/lean4-parseit/lean4-parseit/.lake/packages/leansqlite:/home/runner/work/lean4-parseit/lean4-parseit/.lake/packages/UnicodeBasic:/home/runner/work/lean4-parseit/lean4-parseit/.lake/packages/doc-gen4:/home/runner/work/lean4-parseit/lean4-parseit:/home/runner/work/lean4-parseit/lean4-parseit:/home/runner/.elan/toolchains/leanprover--lean4---v4.35.0-rc4/src/lean/lake LEAN_GITHASH=c29b6dda4f7c20e3eeaa717c4e565663c5cfa364 PATH LD_LIBRARY_PATH=/home/runner/.elan/toolchains/leanprover--lean4---v4.35.0-rc4/lib/lean:/home/runner/.elan/toolchains/leanprover--lean4---v4.35.0-rc4/lib:/home/runner/work/lean4-parseit/lean4-parseit/docs/lib:/home/runner/work/lean4-parseit/lean4-parseit/.lake/build/lib:/home/runner/work/lean4-parseit/lean4-parseit/.lake/packages/doc-gen4/.lake/build/lib:/home/runner/work/lean4-parseit/lean4-parseit/.lake/packages/UnicodeBasic/.lake/build/lib:/home/runner/work/lean4-parseit/lean4-parseit/.lake/packages/leansqlite/.lake/build/lib:/home/runner/work/lean4-parseit/lean4-parseit/.lake/packages/Cli/.lake/build/lib:/home/runner/work/lean4-parseit/lean4-parseit/.lake/packages/BibtexQuery/.lake/build/lib:/home/runner/work/lean4-parseit/lean4-parseit/.lake/packages/MD4Lean/.lake/build/lib /home/runner/work/lean4-parseit/lean4-parseit/.lake/packages/doc-gen4/.lake/build/bin/doc-gen4 single --build /home/runner/work/lean4-parseit/lean4-parseit/docs ParseIt.Input api-docs.db https://github.com/fgdorais/lean4-parseit/blob/e411c02b878b2149bb632575762648432189068b/ParseIt/Input.lean",
   "level": "trace"}],
 "inputs":
 [["<nil>", "045dec3159ebd74a"],
  ["<collection>",
   [["/home/runner/work/lean4-parseit/lean4-parseit/docs/doc-data/ParseIt.Basic.doc",
     "8d76890d8bb0c4c8"],
    ["/home/runner/work/lean4-parseit/lean4-parseit/docs/doc-data/ParseIt.Combinators.doc",
     "9bc15ade11bb22f5"]]],
  ["/home/runner/work/lean4-parseit/lean4-parseit/docs/doc-data/references.json",
   "16fb262bc340d332"],
  ["/home/runner/work/lean4-parseit/lean4-parseit/.lake/packages/doc-gen4/.lake/build/bin/doc-gen4",
   "a40cfaac06582395"],
  ["ParseIt.Input", "027e7e5055ed9fc0"]],
 "depHash": "475f999e97c4b4ff"}